[ranti.co.id/index.html]
[backblue.gif]
[fade.gif]
[index.html]
[static.mineralcdn.net/site/ranticoid/og_image.jpg]
[use.typekit.net/wwd6pco.css]
[static.mineralcdn.net/site/ranticoid/icon/new_2025/icon.png]
[static.mineralcdn.net/site/ranticoid/icon/new_2025/icon-16.png]
[static.mineralcdn.net/site/ranticoid/icon/new_2025/icon-32.png]
[static.mineralcdn.net/site/ranticoid/icon/new_2025/icon-96.png]
[static.mineralcdn.net/site/ranticoid/icon/new_2025/icon-192.png]
[static.mineralcdn.net/site/ranticoid/icon/new_2025/icon-194.png]
[static.mineralcdn.net/site/ranticoid/icon/new_2025/icon-57.png]
[static.mineralcdn.net/site/ranticoid/icon/new_2025/icon-60.png]
[static.mineralcdn.net/site/ranticoid/icon/new_2025/icon-72.png]
[static.mineralcdn.net/site/ranticoid/icon/new_2025/icon-76.png]
[static.mineralcdn.net/site/ranticoid/icon/new_2025/icon-114.png]
[static.mineralcdn.net/site/ranticoid/icon/new_2025/icon-120.png]
[static.mineralcdn.net/site/ranticoid/icon/new_2025/icon-144.png]
[static.mineralcdn.net/site/ranticoid/icon/new_2025/icon-152.png]
[static.mineralcdn.net/site/ranticoid/icon/new_2025/icon-180.png]
[ranti.co.id/vendor/bootstrap.bundle.min.js]
[ranti.co.id/vendor/jquery-3.6.0.min.js]
[ranti.co.id/vendor/swiper-bundle.min.js]
[ranti.co.id/error.js]
[ranti.co.id/vendor/multirange.js]
[cloud.umami.is/script.js]
[ranti.co.id/_nuxt/f34de15.js]
[ranti.co.id/_nuxt/9b994c0fb8433654c958.js]
[ranti.co.id/_nuxt/41a0d11104a3c81b4ef7.js]
[ranti.co.id/_nuxt/08db7de4c65c6b0612e6.js]
[ranti.co.id/_nuxt/4c425e413146c6dfe18c.js]
[ranti.co.id/_nuxt/e2e36dc85b71e3920c02.js]
[ranti.co.id/_nuxt/fonts/fa-brands-400.cbcf42b.woff2]
[ranti.co.id/_nuxt/fonts/fa-regular-400.8967270.woff2]
[ranti.co.id/_nuxt/fonts/fa-solid-900.4a6591a.woff2]
[ranti.co.id/_nuxt/fonts/fa-regular-400.262525e.ttf]
[ranti.co.id/_nuxt/fonts/fa-v4compatibility.a772da7.woff2]
[ranti.co.id/_nuxt/fonts/fa-v4compatibility.4ed293c.ttf]
[ranti.co.id/_nuxt/fonts/fa-solid-900.269f971.ttf]
[static.mineralcdn.net/site/ranticoid/logo_2025.png]
[ranti.co.id/_nuxt/fonts/fa-brands-400.15d54d1.ttf]
[ranti.co.id/signin.html]
[ranti.co.id/order-track.html]
[ranti.co.id/register.html]
[ranti.co.id/contact.html]
[static.mineralcdn.net/emoji/waving-hand.png]
[ranti.co.id/index.html]
[ranti.co.id/transparent.html]
[use.typekit.net/af/8939f9/00000000000000007735a061/30/l652f]
[use.typekit.net/af/8939f9/00000000000000007735a061/30/d652f]
[use.typekit.net/af/8939f9/00000000000000007735a061/30/a652f]
[use.typekit.net/af/cb3467/00000000000000007735a069/30/le265]
[use.typekit.net/af/cb3467/00000000000000007735a069/30/de265]
[use.typekit.net/af/cb3467/00000000000000007735a069/30/ae265]
[use.typekit.net/af/d4e28f/00000000000000007735a072/30/lfdcc]
[use.typekit.net/af/d4e28f/00000000000000007735a072/30/dfdcc]
[use.typekit.net/af/d4e28f/00000000000000007735a072/30/afdcc]
[use.typekit.net/af/f18587/00000000000000007735a07a/30/le196]
[use.typekit.net/af/f18587/00000000000000007735a07a/30/de196]
[use.typekit.net/af/f18587/00000000000000007735a07a/30/ae196]
[use.typekit.net/af/4ae560/00000000000000007735a11a/30/le196]
[use.typekit.net/af/4ae560/00000000000000007735a11a/30/de196]
[use.typekit.net/af/4ae560/00000000000000007735a11a/30/ae196]
[use.typekit.net/af/889857/00000000000000007735a126/30/lfdcc]
[use.typekit.net/af/889857/00000000000000007735a126/30/dfdcc]
[use.typekit.net/af/f0d114/00000000000000007735a11e/30/l652f]
[use.typekit.net/af/889857/00000000000000007735a126/30/afdcc]
[use.typekit.net/af/f0d114/00000000000000007735a11e/30/d652f]
[use.typekit.net/af/f0d114/00000000000000007735a11e/30/a652f]
[use.typekit.net/af/8babc2/00000000000000007735a120/30/le265]
[use.typekit.net/af/8babc2/00000000000000007735a120/30/de265]
[use.typekit.net/wwd6pco.css]
[use.typekit.net/af/8babc2/00000000000000007735a120/30/ae265]
[ranti.co.id/_nuxt/cd931828019f9a44e585.js]
[ranti.co.id/signin.html]
[ranti.co.id/register.html]
[ranti.co.id/_nuxt/f97a44821f0a9e4d6661.js]
[ranti.co.id/forgot-password.html]
[ranti.co.id/order-track.html]
[ranti.co.id/_nuxt/88fcf2824b0d15d6396a.js]
[www.google.com/recaptcha/api05cd.js]
[ranti.co.id/_nuxt/4a42f6f444538e5423b7.js]
[ranti.co.id/cdn-cgi/l/email-protection.4b.delayed]
[ranti.co.id/contact.html]
[ranti.co.id/cdn-cgi/scripts/5c5dd728/cloudflare-static/email-decode.min.js]
[ranti.co.id/_nuxt/4aec0301750f228f3abc.js]
[static.mineralcdn.net/emoji/magnifying-glass.png]
[ranti.co.id/transparent.html]
[p.typekit.net/pc428.css]
[ranti.co.id/forgot-password.html]
[ranti.co.id/cdn-cgi/l/email-protection.html]
[ranti.co.id/_nuxt/40b2a5d585a297040def.js]
